[    3218ms] [WARNING] The resource https://digital.gov.eg/_next/static/css/fd1a952d4f696ba9.css was preloaded using link preload but not used within a few seconds from the window's load event. Please make sure it has an appropriate `as` value and it is preloaded intentionally. @ https://digital.gov.eg/categories:0
[   15320ms] [WARNING] The resource https://digital.gov.eg/_next/static/css/fd1a952d4f696ba9.css was preloaded using link preload but not used within a few seconds from the window's load event. Please make sure it has an appropriate `as` value and it is preloaded intentionally. @ https://digital.gov.eg/categories:0
[   32904ms] Error: Minified React error #418; visit https://react.dev/errors/418?args[]=HTML&args[]= for the full message or use the non-minified dev environment for full errors and additional helpful warnings.
    at rZ (https://digital.gov.eg/_next/static/chunks/4bd1b696-e356ca5ba0218e27.js:1:36743)
    at id (https://digital.gov.eg/_next/static/chunks/4bd1b696-e356ca5ba0218e27.js:1:87964)
    at sh (https://digital.gov.eg/_next/static/chunks/4bd1b696-e356ca5ba0218e27.js:1:128654)
    at https://digital.gov.eg/_next/static/chunks/4bd1b696-e356ca5ba0218e27.js:1:123540
    at sr (https://digital.gov.eg/_next/static/chunks/4bd1b696-e356ca5ba0218e27.js:1:123641)
    at sq (https://digital.gov.eg/_next/static/chunks/4bd1b696-e356ca5ba0218e27.js:1:150211)
    at MessagePort.A (https://digital.gov.eg/_next/static/chunks/3794-c7de0bacdc82872a.js:1:56678)
[   33611ms] Error: Minified React error #418; visit https://react.dev/errors/418?args[]=HTML&args[]= for the full message or use the non-minified dev environment for full errors and additional helpful warnings.
    at rZ (https://digital.gov.eg/_next/static/chunks/4bd1b696-e356ca5ba0218e27.js:1:36743)
    at id (https://digital.gov.eg/_next/static/chunks/4bd1b696-e356ca5ba0218e27.js:1:87964)
    at sh (https://digital.gov.eg/_next/static/chunks/4bd1b696-e356ca5ba0218e27.js:1:128654)
    at https://digital.gov.eg/_next/static/chunks/4bd1b696-e356ca5ba0218e27.js:1:123540
    at sr (https://digital.gov.eg/_next/static/chunks/4bd1b696-e356ca5ba0218e27.js:1:123641)
    at sq (https://digital.gov.eg/_next/static/chunks/4bd1b696-e356ca5ba0218e27.js:1:150211)
    at MessagePort.A (https://digital.gov.eg/_next/static/chunks/3794-c7de0bacdc82872a.js:1:56678)
[   34313ms] Error: Minified React error #418; visit https://react.dev/errors/418?args[]=HTML&args[]= for the full message or use the non-minified dev environment for full errors and additional helpful warnings.
    at rZ (https://digital.gov.eg/_next/static/chunks/4bd1b696-e356ca5ba0218e27.js:1:36743)
    at id (https://digital.gov.eg/_next/static/chunks/4bd1b696-e356ca5ba0218e27.js:1:87964)
    at sh (https://digital.gov.eg/_next/static/chunks/4bd1b696-e356ca5ba0218e27.js:1:128654)
    at https://digital.gov.eg/_next/static/chunks/4bd1b696-e356ca5ba0218e27.js:1:123540
    at sr (https://digital.gov.eg/_next/static/chunks/4bd1b696-e356ca5ba0218e27.js:1:123641)
    at sq (https://digital.gov.eg/_next/static/chunks/4bd1b696-e356ca5ba0218e27.js:1:150211)
    at MessagePort.A (https://digital.gov.eg/_next/static/chunks/3794-c7de0bacdc82872a.js:1:56678)
[   35035ms] Error: Minified React error #418; visit https://react.dev/errors/418?args[]=HTML&args[]= for the full message or use the non-minified dev environment for full errors and additional helpful warnings.
    at rZ (https://digital.gov.eg/_next/static/chunks/4bd1b696-e356ca5ba0218e27.js:1:36743)
    at id (https://digital.gov.eg/_next/static/chunks/4bd1b696-e356ca5ba0218e27.js:1:87964)
    at sh (https://digital.gov.eg/_next/static/chunks/4bd1b696-e356ca5ba0218e27.js:1:128654)
    at https://digital.gov.eg/_next/static/chunks/4bd1b696-e356ca5ba0218e27.js:1:123540
    at sr (https://digital.gov.eg/_next/static/chunks/4bd1b696-e356ca5ba0218e27.js:1:123641)
    at sq (https://digital.gov.eg/_next/static/chunks/4bd1b696-e356ca5ba0218e27.js:1:150211)
    at MessagePort.A (https://digital.gov.eg/_next/static/chunks/3794-c7de0bacdc82872a.js:1:56678)
[   35731ms] Error: Minified React error #418; visit https://react.dev/errors/418?args[]=HTML&args[]= for the full message or use the non-minified dev environment for full errors and additional helpful warnings.
    at rZ (https://digital.gov.eg/_next/static/chunks/4bd1b696-e356ca5ba0218e27.js:1:36743)
    at id (https://digital.gov.eg/_next/static/chunks/4bd1b696-e356ca5ba0218e27.js:1:87964)
    at sh (https://digital.gov.eg/_next/static/chunks/4bd1b696-e356ca5ba0218e27.js:1:128654)
    at https://digital.gov.eg/_next/static/chunks/4bd1b696-e356ca5ba0218e27.js:1:123540
    at sr (https://digital.gov.eg/_next/static/chunks/4bd1b696-e356ca5ba0218e27.js:1:123641)
    at sq (https://digital.gov.eg/_next/static/chunks/4bd1b696-e356ca5ba0218e27.js:1:150211)
    at MessagePort.A (https://digital.gov.eg/_next/static/chunks/3794-c7de0bacdc82872a.js:1:56678)
[   36454ms] Error: Minified React error #418; visit https://react.dev/errors/418?args[]=HTML&args[]= for the full message or use the non-minified dev environment for full errors and additional helpful warnings.
    at rZ (https://digital.gov.eg/_next/static/chunks/4bd1b696-e356ca5ba0218e27.js:1:36743)
    at id (https://digital.gov.eg/_next/static/chunks/4bd1b696-e356ca5ba0218e27.js:1:87964)
    at sh (https://digital.gov.eg/_next/static/chunks/4bd1b696-e356ca5ba0218e27.js:1:128654)
    at https://digital.gov.eg/_next/static/chunks/4bd1b696-e356ca5ba0218e27.js:1:123540
    at sr (https://digital.gov.eg/_next/static/chunks/4bd1b696-e356ca5ba0218e27.js:1:123641)
    at sq (https://digital.gov.eg/_next/static/chunks/4bd1b696-e356ca5ba0218e27.js:1:150211)
    at MessagePort.A (https://digital.gov.eg/_next/static/chunks/3794-c7de0bacdc82872a.js:1:56678)
[   37170ms] Error: Minified React error #418; visit https://react.dev/errors/418?args[]=HTML&args[]= for the full message or use the non-minified dev environment for full errors and additional helpful warnings.
    at rZ (https://digital.gov.eg/_next/static/chunks/4bd1b696-e356ca5ba0218e27.js:1:36743)
    at id (https://digital.gov.eg/_next/static/chunks/4bd1b696-e356ca5ba0218e27.js:1:87964)
    at sh (https://digital.gov.eg/_next/static/chunks/4bd1b696-e356ca5ba0218e27.js:1:128654)
    at https://digital.gov.eg/_next/static/chunks/4bd1b696-e356ca5ba0218e27.js:1:123540
    at sr (https://digital.gov.eg/_next/static/chunks/4bd1b696-e356ca5ba0218e27.js:1:123641)
    at sq (https://digital.gov.eg/_next/static/chunks/4bd1b696-e356ca5ba0218e27.js:1:150211)
    at MessagePort.A (https://digital.gov.eg/_next/static/chunks/3794-c7de0bacdc82872a.js:1:56678)
[   37863ms] Error: Minified React error #418; visit https://react.dev/errors/418?args[]=HTML&args[]= for the full message or use the non-minified dev environment for full errors and additional helpful warnings.
    at rZ (https://digital.gov.eg/_next/static/chunks/4bd1b696-e356ca5ba0218e27.js:1:36743)
    at id (https://digital.gov.eg/_next/static/chunks/4bd1b696-e356ca5ba0218e27.js:1:87964)
    at sh (https://digital.gov.eg/_next/static/chunks/4bd1b696-e356ca5ba0218e27.js:1:128654)
    at https://digital.gov.eg/_next/static/chunks/4bd1b696-e356ca5ba0218e27.js:1:123540
    at sr (https://digital.gov.eg/_next/static/chunks/4bd1b696-e356ca5ba0218e27.js:1:123641)
    at sq (https://digital.gov.eg/_next/static/chunks/4bd1b696-e356ca5ba0218e27.js:1:150211)
    at MessagePort.A (https://digital.gov.eg/_next/static/chunks/3794-c7de0bacdc82872a.js:1:56678)
[   38575ms] Error: Minified React error #418; visit https://react.dev/errors/418?args[]=HTML&args[]= for the full message or use the non-minified dev environment for full errors and additional helpful warnings.
    at rZ (https://digital.gov.eg/_next/static/chunks/4bd1b696-e356ca5ba0218e27.js:1:36743)
    at id (https://digital.gov.eg/_next/static/chunks/4bd1b696-e356ca5ba0218e27.js:1:87964)
    at sh (https://digital.gov.eg/_next/static/chunks/4bd1b696-e356ca5ba0218e27.js:1:128654)
    at https://digital.gov.eg/_next/static/chunks/4bd1b696-e356ca5ba0218e27.js:1:123540
    at sr (https://digital.gov.eg/_next/static/chunks/4bd1b696-e356ca5ba0218e27.js:1:123641)
    at sq (https://digital.gov.eg/_next/static/chunks/4bd1b696-e356ca5ba0218e27.js:1:150211)
    at MessagePort.A (https://digital.gov.eg/_next/static/chunks/3794-c7de0bacdc82872a.js:1:56678)
[   39272ms] Error: Minified React error #418; visit https://react.dev/errors/418?args[]=HTML&args[]= for the full message or use the non-minified dev environment for full errors and additional helpful warnings.
    at rZ (https://digital.gov.eg/_next/static/chunks/4bd1b696-e356ca5ba0218e27.js:1:36743)
    at id (https://digital.gov.eg/_next/static/chunks/4bd1b696-e356ca5ba0218e27.js:1:87964)
    at sh (https://digital.gov.eg/_next/static/chunks/4bd1b696-e356ca5ba0218e27.js:1:128654)
    at https://digital.gov.eg/_next/static/chunks/4bd1b696-e356ca5ba0218e27.js:1:123540
    at sr (https://digital.gov.eg/_next/static/chunks/4bd1b696-e356ca5ba0218e27.js:1:123641)
    at sq (https://digital.gov.eg/_next/static/chunks/4bd1b696-e356ca5ba0218e27.js:1:150211)
    at MessagePort.A (https://digital.gov.eg/_next/static/chunks/3794-c7de0bacdc82872a.js:1:56678)
[   39988ms] Error: Minified React error #418; visit https://react.dev/errors/418?args[]=HTML&args[]= for the full message or use the non-minified dev environment for full errors and additional helpful warnings.
    at rZ (https://digital.gov.eg/_next/static/chunks/4bd1b696-e356ca5ba0218e27.js:1:36743)
    at id (https://digital.gov.eg/_next/static/chunks/4bd1b696-e356ca5ba0218e27.js:1:87964)
    at sh (https://digital.gov.eg/_next/static/chunks/4bd1b696-e356ca5ba0218e27.js:1:128654)
    at https://digital.gov.eg/_next/static/chunks/4bd1b696-e356ca5ba0218e27.js:1:123540
    at sr (https://digital.gov.eg/_next/static/chunks/4bd1b696-e356ca5ba0218e27.js:1:123641)
    at sq (https://digital.gov.eg/_next/static/chunks/4bd1b696-e356ca5ba0218e27.js:1:150211)
    at MessagePort.A (https://digital.gov.eg/_next/static/chunks/3794-c7de0bacdc82872a.js:1:56678)
[   43404ms] [WARNING] The resource https://digital.gov.eg/_next/static/css/fd1a952d4f696ba9.css was preloaded using link preload but not used within a few seconds from the window's load event. Please make sure it has an appropriate `as` value and it is preloaded intentionally. @ https://digital.gov.eg/categories:0
[   52830ms] [WARNING] The resource https://digital.gov.eg/_next/static/css/fd1a952d4f696ba9.css was preloaded using link preload but not used within a few seconds from the window's load event. Please make sure it has an appropriate `as` value and it is preloaded intentionally. @ https://digital.gov.eg/categories:0
