[     250ms] [ERROR] Failed to load resource: net::ERR_CERT_VERIFIER_CHANGED @ https://digital.gov.eg/_next/static/chunks/8500-f62a38ff68ab7f42.js:0
[     253ms] [ERROR] Failed to load resource: net::ERR_CERT_VERIFIER_CHANGED @ https://digital.gov.eg/_next/static/chunks/1785-c99699d1ba53f369.js:0
[     254ms] [ERROR] Failed to load resource: net::ERR_CERT_VERIFIER_CHANGED @ https://digital.gov.eg/_next/static/chunks/2264-eec652776a62be3d.js:0
[     254ms] [ERROR] Failed to load resource: net::ERR_CERT_VERIFIER_CHANGED @ https://digital.gov.eg/_next/static/chunks/1746-7dacf505ca543532.js:0
[     254ms] [ERROR] Failed to load resource: net::ERR_CERT_VERIFIER_CHANGED @ https://digital.gov.eg/_next/static/chunks/1766-de2ab8a970c0128a.js:0
[     254ms] [ERROR] Failed to load resource: net::ERR_CERT_VERIFIER_CHANGED @ https://digital.gov.eg/_next/static/chunks/3746-b84381bfacc3c5e7.js:0
[     254ms] [ERROR] Failed to load resource: net::ERR_CERT_VERIFIER_CHANGED @ https://digital.gov.eg/_next/static/chunks/3974-35e0adb78802b30d.js:0
[     254ms] [ERROR] Failed to load resource: net::ERR_CERT_VERIFIER_CHANGED @ https://digital.gov.eg/_next/static/chunks/2034-5c0b9663cae4188b.js:0
[     254ms] [ERROR] Failed to load resource: net::ERR_CERT_VERIFIER_CHANGED @ https://digital.gov.eg/_next/static/chunks/1330-6195b578b93b1f3b.js:0
[     254ms] [ERROR] Failed to load resource: net::ERR_CERT_VERIFIER_CHANGED @ https://digital.gov.eg/_next/static/chunks/8813-9d25d4b1f8019653.js:0
[     254ms] [ERROR] Failed to load resource: net::ERR_CERT_VERIFIER_CHANGED @ https://digital.gov.eg/_next/static/chunks/8913-54389c924417262f.js:0
[     254ms] [ERROR] Failed to load resource: net::ERR_CERT_VERIFIER_CHANGED @ https://digital.gov.eg/_next/static/chunks/2855-97b90379179c61c0.js:0
[     254ms] [ERROR] Failed to load resource: net::ERR_CERT_VERIFIER_CHANGED @ https://digital.gov.eg/_next/static/chunks/app/layout-d1df7c0a25267e96.js:0
[     254ms] [ERROR] Failed to load resource: net::ERR_CERT_VERIFIER_CHANGED @ https://digital.gov.eg/_next/static/chunks/b5c10047-ef44087bc276f800.js:0
[     254ms] [ERROR] Failed to load resource: net::ERR_CERT_VERIFIER_CHANGED @ https://digital.gov.eg/_next/static/chunks/app/error-53da8b85f17f5831.js:0
[     254ms] [ERROR] Failed to load resource: net::ERR_CERT_VERIFIER_CHANGED @ https://digital.gov.eg/_next/static/chunks/app/not-found-a548b485b5ede813.js:0
[     254ms] [ERROR] Failed to load resource: net::ERR_CERT_VERIFIER_CHANGED @ https://digital.gov.eg/_next/static/chunks/12038df7-181bcd2a09b209b2.js:0
[     254ms] [ERROR] Failed to load resource: net::ERR_CERT_VERIFIER_CHANGED @ https://digital.gov.eg/_next/static/chunks/3627521c-39254d4d540842df.js:0
[     254ms] [ERROR] Failed to load resource: net::ERR_CERT_VERIFIER_CHANGED @ https://digital.gov.eg/_next/static/chunks/e416a3ff-2c25dbdb5eabf7f1.js:0
[     254ms] [ERROR] Failed to load resource: net::ERR_CERT_VERIFIER_CHANGED @ https://digital.gov.eg/_next/static/chunks/1488-64f10831fe67ea5e.js:0
[     254ms] [ERROR] Failed to load resource: net::ERR_CERT_VERIFIER_CHANGED @ https://digital.gov.eg/_next/static/chunks/2051-c0ce52ffe91529ee.js:0
[     254ms] [ERROR] Failed to load resource: net::ERR_CERT_VERIFIER_CHANGED @ https://digital.gov.eg/_next/static/chunks/3576-73bbf2c6bff69fdb.js:0
[     254ms] [ERROR] Failed to load resource: net::ERR_CERT_VERIFIER_CHANGED @ https://digital.gov.eg/_next/static/chunks/4597-011c25ffea4abf29.js:0
[     254ms] [ERROR] Failed to load resource: net::ERR_CERT_VERIFIER_CHANGED @ https://digital.gov.eg/_next/static/chunks/3568-df328df01f66c579.js:0
[     254ms] [ERROR] Failed to load resource: net::ERR_CERT_VERIFIER_CHANGED @ https://digital.gov.eg/_next/static/chunks/1326-f15ad78dcf94c6dd.js:0
[     254ms] [ERROR] Failed to load resource: net::ERR_CERT_VERIFIER_CHANGED @ https://digital.gov.eg/_next/static/chunks/1025-753ede62916cd4cc.js:0
[     254ms] [ERROR] Failed to load resource: net::ERR_CERT_VERIFIER_CHANGED @ https://digital.gov.eg/_next/static/chunks/app/(pages)/categories/layout-ced93e9dd36950d3.js:0
[     254ms] [ERROR] Failed to load resource: net::ERR_CERT_VERIFIER_CHANGED @ https://digital.gov.eg/_next/static/chunks/app/(pages)/categories/terms/%5BtermId%5D/layout-ff211c861a9f5aeb.js:0
[     254ms] [ERROR] Failed to load resource: net::ERR_CERT_VERIFIER_CHANGED @ https://digital.gov.eg/_next/static/chunks/07115393-e27c8306e3202456.js:0
[     255ms] [ERROR] Failed to load resource: net::ERR_CERT_VERIFIER_CHANGED @ https://digital.gov.eg/_next/static/chunks/e685ae08-1292fee02577de17.js:0
[     255ms] [ERROR] Failed to load resource: net::ERR_CERT_VERIFIER_CHANGED @ https://digital.gov.eg/_next/static/chunks/9205-82bc2f53e792ba0e.js:0
[     255ms] [ERROR] Failed to load resource: net::ERR_CERT_VERIFIER_CHANGED @ https://digital.gov.eg/_next/static/chunks/6153-1b2f6232866ee0be.js:0
[     255ms] [ERROR] Failed to load resource: net::ERR_CERT_VERIFIER_CHANGED @ https://digital.gov.eg/_next/static/chunks/5369-d5532a6e7b67222a.js:0
[     255ms] [ERROR] Failed to load resource: net::ERR_CERT_VERIFIER_CHANGED @ https://digital.gov.eg/_next/static/chunks/app/(pages)/categories/terms/%5BtermId%5D/page-f206572ade1dd261.js:0
[    1741ms] [WARNING] The ScriptProcessorNode is deprecated. Use AudioWorkletNode instead. (https://bit.ly/audio-worklet) @ https://digital.gov.eg/TSPD/08a21a6757ab2000eeaa5bff85d5face7bddd61c6388a490d5c66c64f89d34634a3a280646e3f5a2?type=8:457
[    1742ms] [WARNING] The AudioContext was not allowed to start. It must be resumed (or created) after a user gesture on the page. https://developer.chrome.com/blog/autoplay/#web_audio @ https://digital.gov.eg/TSPD/08a21a6757ab2000eeaa5bff85d5face7bddd61c6388a490d5c66c64f89d34634a3a280646e3f5a2?type=8:460
[   19368ms] Error: Minified React error #418; visit https://react.dev/errors/418?args[]=HTML&args[]= for the full message or use the non-minified dev environment for full errors and additional helpful warnings.
    at rZ (https://digital.gov.eg/_next/static/chunks/4bd1b696-e356ca5ba0218e27.js:1:36743)
    at id (https://digital.gov.eg/_next/static/chunks/4bd1b696-e356ca5ba0218e27.js:1:87964)
    at sh (https://digital.gov.eg/_next/static/chunks/4bd1b696-e356ca5ba0218e27.js:1:128654)
    at https://digital.gov.eg/_next/static/chunks/4bd1b696-e356ca5ba0218e27.js:1:123540
    at sr (https://digital.gov.eg/_next/static/chunks/4bd1b696-e356ca5ba0218e27.js:1:123641)
    at sq (https://digital.gov.eg/_next/static/chunks/4bd1b696-e356ca5ba0218e27.js:1:150211)
    at MessagePort.A (https://digital.gov.eg/_next/static/chunks/3794-c7de0bacdc82872a.js:1:56678)
[   22657ms] [WARNING] The resource https://digital.gov.eg/_next/static/css/fd1a952d4f696ba9.css was preloaded using link preload but not used within a few seconds from the window's load event. Please make sure it has an appropriate `as` value and it is preloaded intentionally. @ https://digital.gov.eg/categories/terms/%D8%A7%D8%B3%D8%AA%D8%B9%D9%84%D8%A7%D9%85-%D8%B9%D9%86-%D9%85%D8%AE%D8%A7%D9%84%D9%81%D8%A7%D8%AA-%D8%B1%D8%AE%D8%B5-%D8%A7%D9%84%D9%82%D9%8A%D8%A7%D8%AF%D8%A9:0
